// Jest Snapshot v1, https://goo.gl/fbAQLP

exports[`Rockets component test for Rockets component with button click 1`] = `
Object {
  "asFragment": [Function],
  "baseElement": <body>
    <div>
      <div>
        <h1>
          Rockets
        </h1>
        <div
          class="rocket-list-item"
        >
          <img
            class="rocket-image"
          />
          <div
            class="rocket-info"
          >
            <h2>
              Falcon 9
            </h2>
            <p>
               
              A reusable rocket developed by SpaceX
            </p>
            <button
              class="rocketreserved-btn"
              type="button"
            >
              Reserve rocket
            </button>
          </div>
        </div>
        <div
          class="rocket-list-item"
        >
          <img
            class="rocket-image"
          />
          <div
            class="rocket-info"
          >
            <h2>
              Atlas V
            </h2>
            <p>
               
              A rocket developed by United Launch Alliance
            </p>
            <button
              class="rocketreserved-btn"
              type="button"
            >
              Reserve rocket
            </button>
          </div>
        </div>
      </div>
    </div>
  </body>,
  "container": <div>
    <div>
      <h1>
        Rockets
      </h1>
      <div
        class="rocket-list-item"
      >
        <img
          class="rocket-image"
        />
        <div
          class="rocket-info"
        >
          <h2>
            Falcon 9
          </h2>
          <p>
             
            A reusable rocket developed by SpaceX
          </p>
          <button
            class="rocketreserved-btn"
            type="button"
          >
            Reserve rocket
          </button>
        </div>
      </div>
      <div
        class="rocket-list-item"
      >
        <img
          class="rocket-image"
        />
        <div
          class="rocket-info"
        >
          <h2>
            Atlas V
          </h2>
          <p>
             
            A rocket developed by United Launch Alliance
          </p>
          <button
            class="rocketreserved-btn"
            type="button"
          >
            Reserve rocket
          </button>
        </div>
      </div>
    </div>
  </div>,
  "debug": [Function],
  "findAllByAltText": [Function],
  "findAllByDisplayValue": [Function],
  "findAllByLabelText": [Function],
  "findAllByPlaceholderText": [Function],
  "findAllByRole": [Function],
  "findAllByTestId": [Function],
  "findAllByText": [Function],
  "findAllByTitle": [Function],
  "findByAltText": [Function],
  "findByDisplayValue": [Function],
  "findByLabelText": [Function],
  "findByPlaceholderText": [Function],
  "findByRole": [Function],
  "findByTestId": [Function],
  "findByText": [Function],
  "findByTitle": [Function],
  "getAllByAltText": [Function],
  "getAllByDisplayValue": [Function],
  "getAllByLabelText": [Function],
  "getAllByPlaceholderText": [Function],
  "getAllByRole": [Function],
  "getAllByTestId": [Function],
  "getAllByText": [Function],
  "getAllByTitle": [Function],
  "getByAltText": [Function],
  "getByDisplayValue": [Function],
  "getByLabelText": [Function],
  "getByPlaceholderText": [Function],
  "getByRole": [Function],
  "getByTestId": [Function],
  "getByText": [Function],
  "getByTitle": [Function],
  "queryAllByAltText": [Function],
  "queryAllByDisplayValue": [Function],
  "queryAllByLabelText": [Function],
  "queryAllByPlaceholderText": [Function],
  "queryAllByRole": [Function],
  "queryAllByTestId": [Function],
  "queryAllByText": [Function],
  "queryAllByTitle": [Function],
  "queryByAltText": [Function],
  "queryByDisplayValue": [Function],
  "queryByLabelText": [Function],
  "queryByPlaceholderText": [Function],
  "queryByRole": [Function],
  "queryByTestId": [Function],
  "queryByText": [Function],
  "queryByTitle": [Function],
  "rerender": [Function],
  "unmount": [Function],
}
`;
